// Jest Snapshot v1, https://goo.gl/fbAQLP

exports[`Button should render correctly given the required props 1`] = `
<ButtonStyled
  onClick={[MockFunction]}
  reset={false}
  type="button"
>
  Rate
</ButtonStyled>
`;
